{
    "Should run without failures": {
        "content": [
            [
                "latesingle_trinity_cdhit_VSGs.fasta:md5,966afb15c69677a4245f6b30f44ef008"
            ]
        ],
        "meta": {
            "nf-test": "0.9.2",
            "nextflow": "25.04.6"
        },
        "timestamp": "2025-08-30T13:19:32.764113355"
    }
}