{
    "Should run multiqc on salmon quants": {
        "content": [
            "multiqc_general_stats.txt:md5,28d27a8e4e2c279ec07df072c6e547d8"
        ],
        "meta": {
            "nf-test": "0.9.2",
            "nextflow": "25.04.6"
        },
        "timestamp": "2025-08-30T11:58:10.540607129"
    }
}