{
    "Should integrate modules": {
        "content": [
            [
                "champion_vsgs.fasta:md5,449dc058c6bb37f23476caf402526d5d"
            ]
        ],
        "meta": {
            "nf-test": "0.9.2",
            "nextflow": "25.04.6"
        },
        "timestamp": "2025-08-30T11:34:55.994666585"
    }
}