ERROR ~ Error executing process > 'ASSEMBLE'

Caused by:
  No such variable: single_end -- Check script '/home/guyoldrieve/git/vsgseq2/modules/assemble.nf' at line: 16


Source block:
  if(meta.single_end){
      """
      Trinity --seqType fq --single ${trimmed} --CPU ${cores} --max_memory ${trinitymem}G --no_path_merging --min_kmer_cov 2 --no_parallel_norm_stats --output ${trimmed.baseName.replace("_trimmed.fq","")}_trinity
      rm -r ${trimmed.baseName.replace("_trimmed.fq","")}_trinity
      """
  } else {
      """
      Trinity --seqType fq --left ${trimmed[0]}  --right ${trimmed[1]} --CPU ${cores} --max_memory ${trinitymem}G --no_path_merging --min_kmer_cov 2 --no_parallel_norm_stats --output ${trimmed[0].baseName.replace("_trimmed_1.fq","")}_trinity
      rm -r ${trimmed[0].baseName.replace("_trimmed_1.fq","")}_trinity
      """
  }

Container:
  goldrieve/vsgseq2:latest

Tip: you can try to figure out what's wrong by changing to the process work dir and showing the script file named `.command.sh`

 -- Check '/home/guyoldrieve/git/vsgseq2/.nf-test/tests/7dc7d3cb3a5a7c8618af68234f9f6a5/meta/nextflow.log' file for details
